../Core/Src/main.c:85:5:main	8	static
../Core/Src/main.c:177:6:SystemClock_Config	88	static
../Core/Src/main.c:231:13:MX_TIM1_Init	96	static
../Core/Src/main.c:306:13:MX_TIM2_Init	64	static
../Core/Src/main.c:365:13:MX_TIM3_Init	48	static
../Core/Src/main.c:423:13:MX_TIM8_Init	96	static
../Core/Src/main.c:498:13:MX_GPIO_Init	48	static
../Core/Src/main.c:538:6:StartDefaultTask	16	static
../Core/Src/main.c:558:6:HAL_TIM_PeriodElapsedCallback	16	static
../Core/Src/main.c:575:6:Error_Handler	4	static,ignoring_inline_asm
