../Core/Src/main.c:91:5:main	8	static
../Core/Src/main.c:183:6:SystemClock_Config	88	static
../Core/Src/main.c:237:13:MX_TIM1_Init	96	static
../Core/Src/main.c:312:13:MX_TIM2_Init	64	static
../Core/Src/main.c:371:13:MX_TIM3_Init	48	static
../Core/Src/main.c:429:13:MX_TIM8_Init	96	static
../Core/Src/main.c:504:13:MX_GPIO_Init	48	static
../Core/Src/main.c:544:6:StartDefaultTask	24	static
../Core/Src/main.c:573:6:HAL_TIM_PeriodElapsedCallback	16	static
../Core/Src/main.c:590:6:Error_Handler	4	static,ignoring_inline_asm
