Archive member included to satisfy reference by file (symbol)

C:/ST/STM32CubeIDE_1.11.2/STM32CubeIDE/plugins/com.st.stm32cube.ide.mcu.externaltools.gnu-tools-for-stm32.12.3.rel1.win32_1.0.100.202403111256/tools/bin/../lib/gcc/arm-none-eabi/12.3.1/../../../../arm-none-eabi/lib/thumb/v7e-m+fp/hard\libc_nano.a(libc_a-exit.o)
                              C:/ST/STM32CubeIDE_1.11.2/STM32CubeIDE/plugins/com.st.stm32cube.ide.mcu.externaltools.gnu-tools-for-stm32.12.3.rel1.win32_1.0.100.202403111256/tools/bin/../lib/gcc/arm-none-eabi/12.3.1/../../../../arm-none-eabi/lib/thumb/v7e-m+fp/hard/crt0.o (exit)
C:/ST/STM32CubeIDE_1.11.2/STM32CubeIDE/plugins/com.st.stm32cube.ide.mcu.externaltools.gnu-tools-for-stm32.12.3.rel1.win32_1.0.100.202403111256/tools/bin/../lib/gcc/arm-none-eabi/12.3.1/../../../../arm-none-eabi/lib/thumb/v7e-m+fp/hard\libc_nano.a(libc_a-findfp.o)
                              C:/ST/STM32CubeIDE_1.11.2/STM32CubeIDE/plugins/com.st.stm32cube.ide.mcu.externaltools.gnu-tools-for-stm32.12.3.rel1.win32_1.0.100.202403111256/tools/bin/../lib/gcc/arm-none-eabi/12.3.1/../../../../arm-none-eabi/lib/thumb/v7e-m+fp/hard\libc_nano.a(libc_a-exit.o) (__stdio_exit_handler)
C:/ST/STM32CubeIDE_1.11.2/STM32CubeIDE/plugins/com.st.stm32cube.ide.mcu.externaltools.gnu-tools-for-stm32.12.3.rel1.win32_1.0.100.202403111256/tools/bin/../lib/gcc/arm-none-eabi/12.3.1/../../../../arm-none-eabi/lib/thumb/v7e-m+fp/hard\libc_nano.a(libc_a-fwalk.o)
                              C:/ST/STM32CubeIDE_1.11.2/STM32CubeIDE/plugins/com.st.stm32cube.ide.mcu.externaltools.gnu-tools-for-stm32.12.3.rel1.win32_1.0.100.202403111256/tools/bin/../lib/gcc/arm-none-eabi/12.3.1/../../../../arm-none-eabi/lib/thumb/v7e-m+fp/hard\libc_nano.a(libc_a-findfp.o) (_fwalk_sglue)
C:/ST/STM32CubeIDE_1.11.2/STM32CubeIDE/plugins/com.st.stm32cube.ide.mcu.externaltools.gnu-tools-for-stm32.12.3.rel1.win32_1.0.100.202403111256/tools/bin/../lib/gcc/arm-none-eabi/12.3.1/../../../../arm-none-eabi/lib/thumb/v7e-m+fp/hard\libc_nano.a(libc_a-stdio.o)
                              C:/ST/STM32CubeIDE_1.11.2/STM32CubeIDE/plugins/com.st.stm32cube.ide.mcu.externaltools.gnu-tools-for-stm32.12.3.rel1.win32_1.0.100.202403111256/tools/bin/../lib/gcc/arm-none-eabi/12.3.1/../../../../arm-none-eabi/lib/thumb/v7e-m+fp/hard\libc_nano.a(libc_a-findfp.o) (__sread)
C:/ST/STM32CubeIDE_1.11.2/STM32CubeIDE/plugins/com.st.stm32cube.ide.mcu.externaltools.gnu-tools-for-stm32.12.3.rel1.win32_1.0.100.202403111256/tools/bin/../lib/gcc/arm-none-eabi/12.3.1/../../../../arm-none-eabi/lib/thumb/v7e-m+fp/hard\libc_nano.a(libc_a-memset.o)
                              C:/ST/STM32CubeIDE_1.11.2/STM32CubeIDE/plugins/com.st.stm32cube.ide.mcu.externaltools.gnu-tools-for-stm32.12.3.rel1.win32_1.0.100.202403111256/tools/bin/../lib/gcc/arm-none-eabi/12.3.1/../../../../arm-none-eabi/lib/thumb/v7e-m+fp/hard/crt0.o (memset)
C:/ST/STM32CubeIDE_1.11.2/STM32CubeIDE/plugins/com.st.stm32cube.ide.mcu.externaltools.gnu-tools-for-stm32.12.3.rel1.win32_1.0.100.202403111256/tools/bin/../lib/gcc/arm-none-eabi/12.3.1/../../../../arm-none-eabi/lib/thumb/v7e-m+fp/hard\libc_nano.a(libc_a-closer.o)
                              C:/ST/STM32CubeIDE_1.11.2/STM32CubeIDE/plugins/com.st.stm32cube.ide.mcu.externaltools.gnu-tools-for-stm32.12.3.rel1.win32_1.0.100.202403111256/tools/bin/../lib/gcc/arm-none-eabi/12.3.1/../../../../arm-none-eabi/lib/thumb/v7e-m+fp/hard\libc_nano.a(libc_a-stdio.o) (_close_r)
C:/ST/STM32CubeIDE_1.11.2/STM32CubeIDE/plugins/com.st.stm32cube.ide.mcu.externaltools.gnu-tools-for-stm32.12.3.rel1.win32_1.0.100.202403111256/tools/bin/../lib/gcc/arm-none-eabi/12.3.1/../../../../arm-none-eabi/lib/thumb/v7e-m+fp/hard\libc_nano.a(libc_a-reent.o)
                              C:/ST/STM32CubeIDE_1.11.2/STM32CubeIDE/plugins/com.st.stm32cube.ide.mcu.externaltools.gnu-tools-for-stm32.12.3.rel1.win32_1.0.100.202403111256/tools/bin/../lib/gcc/arm-none-eabi/12.3.1/../../../../arm-none-eabi/lib/thumb/v7e-m+fp/hard\libc_nano.a(libc_a-closer.o) (errno)
C:/ST/STM32CubeIDE_1.11.2/STM32CubeIDE/plugins/com.st.stm32cube.ide.mcu.externaltools.gnu-tools-for-stm32.12.3.rel1.win32_1.0.100.202403111256/tools/bin/../lib/gcc/arm-none-eabi/12.3.1/../../../../arm-none-eabi/lib/thumb/v7e-m+fp/hard\libc_nano.a(libc_a-impure.o)
                              C:/ST/STM32CubeIDE_1.11.2/STM32CubeIDE/plugins/com.st.stm32cube.ide.mcu.externaltools.gnu-tools-for-stm32.12.3.rel1.win32_1.0.100.202403111256/tools/bin/../lib/gcc/arm-none-eabi/12.3.1/../../../../arm-none-eabi/lib/thumb/v7e-m+fp/hard\libc_nano.a(libc_a-reent.o) (_impure_ptr)
C:/ST/STM32CubeIDE_1.11.2/STM32CubeIDE/plugins/com.st.stm32cube.ide.mcu.externaltools.gnu-tools-for-stm32.12.3.rel1.win32_1.0.100.202403111256/tools/bin/../lib/gcc/arm-none-eabi/12.3.1/../../../../arm-none-eabi/lib/thumb/v7e-m+fp/hard\libc_nano.a(libc_a-lseekr.o)
[...]
Memory Configuration

Name             Origin             Length             Attributes
RAM              0x20000000         0x00020000         xrw
FLASH            0x08000000         0x00080000         xr
*default*        0x00000000         0xffffffff

Linker script and memory map

LOAD C:/ST/STM32CubeIDE_1.11.2/STM32CubeIDE/plugins/com.st.stm32cube.ide.mcu.externaltools.gnu-tools-for-stm32.12.3.rel1.win32_1.0.100.202403111256/tools/bin/../lib/gcc/arm-none-eabi/12.3.1/thumb/v7e-m+fp/hard/crti.o
LOAD C:/ST/STM32CubeIDE_1.11.2/STM32CubeIDE/plugins/com.st.stm32cube.ide.mcu.externaltools.gnu-tools-for-stm32.12.3.rel1.win32_1.0.100.202403111256/tools/bin/../lib/gcc/arm-none-eabi/12.3.1/thumb/v7e-m+fp/hard/crtbegin.o
LOAD C:/ST/STM32CubeIDE_1.11.2/STM32CubeIDE/plugins/com.st.stm32cube.ide.mcu.externaltools.gnu-tools-for-stm32.12.3.rel1.win32_1.0.100.202403111256/tools/bin/../lib/gcc/arm-none-eabi/12.3.1/../../../../arm-none-eabi/lib/thumb/v7e-m+fp/hard/crt0.o
LOAD ./ASW/Src/DrivingAPIs.o
LOAD ./ASW/Src/MotionController.o
LOAD ./ASW/Src/SensorMapping.o
LOAD ./BSW/Src/HBridge.o
LOAD ./BSW/Src/HCSR04.o
LOAD ./BSW/Src/ServoSG90.o
LOAD ./Core/Src/main.o
LOAD ./Core/Src/stm32f4xx_hal_msp.o
LOAD ./Core/Src/stm32f4xx_it.o
LOAD ./Core/Src/syscalls.o
LOAD ./Core/Src/sysmem.o
LOAD ./Core/Src/system_stm32f4xx.o
LOAD ./Core/Startup/startup_stm32f446retx.o
LOAD ./Drivers/STM32F4xx_HAL_Driver/Src/stm32f4xx_hal.o
LOAD ./Drivers/STM32F4xx_HAL_Driver/Src/stm32f4xx_hal_cortex.o
LOAD ./Drivers/STM32F4xx_HAL_Driver/Src/stm32f4xx_hal_dma.o
LOAD ./Drivers/STM32F4xx_HAL_Driver/Src/stm32f4xx_hal_dma_ex.o
LOAD ./Drivers/STM32F4xx_HAL_Driver/Src/stm32f4xx_hal_exti.o
LOAD ./Drivers/STM32F4xx_HAL_Driver/Src/stm32f4xx_hal_flash.o
LOAD ./Drivers/STM32F4xx_HAL_Driver/Src/stm32f4xx_hal_flash_ex.o
LOAD ./Drivers/STM32F4xx_HAL_Driver/Src/stm32f4xx_hal_flash_ramfunc.o
LOAD ./Drivers/STM32F4xx_HAL_Driver/Src/stm32f4xx_hal_gpio.o
LOAD ./Drivers/STM32F4xx_HAL_Driver/Src/stm32f4xx_hal_pwr.o
LOAD ./Drivers/STM32F4xx_HAL_Driver/Src/stm32f4xx_hal_pwr_ex.o
LOAD ./Drivers/STM32F4xx_HAL_Driver/Src/stm32f4xx_hal_rcc.o
LOAD ./Drivers/STM32F4xx_HAL_Driver/Src/stm32f4xx_hal_rcc_ex.o
LOAD ./Drivers/STM32F4xx_HAL_Driver/Src/stm32f4xx_hal_tim.o
LOAD ./Drivers/STM32F4xx_HAL_Driver/Src/stm32f4xx_hal_tim_ex.o
START GROUP
LOAD C:/ST/STM32CubeIDE_1.11.2/STM32CubeIDE/plugins/com.st.stm32cube.ide.mcu.externaltools.gnu-tools-for-stm32.12.3.rel1.win32_1.0.100.202403111256/tools/bin/../lib/gcc/arm-none-eabi/12.3.1/../../../../arm-none-eabi/lib/thumb/v7e-m+fp/hard\libc_nano.a
LOAD C:/ST/STM32CubeIDE_1.11.2/STM32CubeIDE/plugins/com.st.stm32cube.ide.mcu.externaltools.gnu-tools-for-stm32.12.3.rel1.win32_1.0.100.202403111256/tools/bin/../lib/gcc/arm-none-eabi/12.3.1/../../../../arm-none-eabi/lib/thumb/v7e-m+fp/hard\libm.a
END GROUP
START GROUP
LOAD C:/ST/STM32CubeIDE_1.11.2/STM32CubeIDE/plugins/com.st.stm32cube.ide.mcu.externaltools.gnu-tools-for-stm32.12.3.rel1.win32_1.0.100.202403111256/tools/bin/../lib/gcc/arm-none-eabi/12.3.1/thumb/v7e-m+fp/hard\libgcc.a
LOAD C:/ST/STM32CubeIDE_1.11.2/STM32CubeIDE/plugins/com.st.stm32cube.ide.mcu.externaltools.gnu-tools-for-stm32.12.3.rel1.win32_1.0.100.202403111256/tools/bin/../lib/gcc/arm-none-eabi/12.3.1/../../../../arm-none-eabi/lib/thumb/v7e-m+fp/hard\libc_nano.a
END GROUP
START GROUP
LOAD C:/ST/STM32CubeIDE_1.11.2/STM32CubeIDE/plugins/com.st.stm32cube.ide.mcu.externaltools.gnu-tools-for-stm32.12.3.rel1.win32_1.0.100.202403111256/tools/bin/../lib/gcc/arm-none-eabi/12.3.1/thumb/v7e-m+fp/hard\libgcc.a
LOAD C:/ST/STM32CubeIDE_1.11.2/STM32CubeIDE/plugins/com.st.stm32cube.ide.mcu.externaltools.gnu-tools-for-stm32.12.3.rel1.win32_1.0.100.202403111256/tools/bin/../lib/gcc/arm-none-eabi/12.3.1/../../../../arm-none-eabi/lib/thumb/v7e-m+fp/hard\libc_nano.a
LOAD C:/ST/STM32CubeIDE_1.11.2/STM32CubeIDE/plugins/com.st.stm32cube.ide.mcu.externaltools.gnu-tools-for-stm32.12.3.rel1.win32_1.0.100.202403111256/tools/bin/../lib/gcc/arm-none-eabi/12.3.1/../../../../arm-none-eabi/lib/thumb/v7e-m+fp/hard\libnosys.a
END GROUP
START GROUP
LOAD C:/ST/STM32CubeIDE_1.11.2/STM32CubeIDE/plugins/com.st.stm32cube.ide.mcu.externaltools.gnu-tools-for-stm32.12.3.rel1.win32_1.0.100.202403111256/tools/bin/../lib/gcc/arm-none-eabi/12.3.1/thumb/v7e-m+fp/hard\libgcc.a
LOAD C:/ST/STM32CubeIDE_1.11.2/STM32CubeIDE/plugins/com.st.stm32cube.ide.mcu.externaltools.gnu-tools-for-stm32.12.3.rel1.win32_1.0.100.202403111256/tools/bin/../lib/gcc/arm-none-eabi/12.3.1/../../../../arm-none-eabi/lib/thumb/v7e-m+fp/hard\libc_nano.a
LOAD C:/ST/STM32CubeIDE_1.11.2/STM32CubeIDE/plugins/com.st.stm32cube.ide.mcu.externaltools.gnu-tools-for-stm32.12.3.rel1.win32_1.0.100.202403111256/tools/bin/../lib/gcc/arm-none-eabi/12.3.1/../../../../arm-none-eabi/lib/thumb/v7e-m+fp/hard\libnosys.a
END GROUP
LOAD C:/ST/STM32CubeIDE_1.11.2/STM32CubeIDE/plugins/com.st.stm32cube.ide.mcu.externaltools.gnu-tools-for-stm32.12.3.rel1.win32_1.0.100.202403111256/tools/bin/../lib/gcc/arm-none-eabi/12.3.1/thumb/v7e-m+fp/hard/crtend.o
LOAD C:/ST/STM32CubeIDE_1.11.2/STM32CubeIDE/plugins/com.st.stm32cube.ide.mcu.externaltools.gnu-tools-for-stm32.12.3.rel1.win32_1.0.100.202403111256/tools/bin/../lib/gcc/arm-none-eabi/12.3.1/thumb/v7e-m+fp/hard/crtn.o
                0x20020000                        _estack = (ORIGIN (RAM) + LENGTH (RAM))
                0x00000200                        _Min_Heap_Size = 0x200
                0x00000400                        _Min_Stack_Size = 0x400

.isr_vector     0x08000000      0x1c4
                0x08000000                        . = ALIGN (0x4)
 *(.isr_vector)
 .isr_vector    0x08000000      0x1c4 ./Core/Startup/startup_stm32f446retx.o
                0x08000000                g_pfnVectors
                0x080001c4                        . = ALIGN (0x4)

.text           0x080001c8     0x45cc
                0x080001c8                        . = ALIGN (0x4)
 *(.text)
 .text          0x080001c8       0x40 C:/ST/STM32CubeIDE_1.11.2/STM32CubeIDE/plugins/com.st.stm32cube.ide.mcu.externaltools.gnu-tools-for-stm32.12.3.rel1.win32_1.0.100.202403111256/tools/bin/../lib/gcc/arm-none-eabi/12.3.1/thumb/v7e-m+fp/hard/crtbegin.o
 .text          0x08000208      0x378 C:/ST/STM32CubeIDE_1.11.2/STM32CubeIDE/plugins/com.st.stm32cube.ide.mcu.externaltools.gnu-tools-for-stm32.12.3.rel1.win32_1.0.100.202403111256/tools/bin/../lib/gcc/arm-none-eabi/12.3.1/thumb/v7e-m+fp/hard\libgcc.a(_arm_addsubdf3.o)
                0x08000208                __aeabi_drsub
                0x08000210                __aeabi_dsub
                0x08000210                __subdf3
                0x08000214                __aeabi_dadd
                0x08000214                __adddf3
                0x0800048c                __floatunsidf
                0x0800048c                __aeabi_ui2d
                0x080004ac                __floatsidf
                0x080004ac                __aeabi_i2d
                0x080004d0                __aeabi_f2d
                0x080004d0                __extendsfdf2
                0x08000514                __floatundidf
                0x08000514                __aeabi_ul2d
                0x08000524                __floatdidf
                0x08000524                __aeabi_l2d
 .text          0x08000580      0x424 C:/ST/STM32CubeIDE_1.11.2/STM32CubeIDE/plugins/com.st.stm32cube.ide.mcu.externaltools.gnu-tools-for-stm32.12.3.rel1.win32_1.0.100.202403111256/tools/bin/../lib/gcc/arm-none-eabi/12.3.1/thumb/v7e-m+fp/hard\libgcc.a(_arm_muldivdf3.o)
                0x08000580                __aeabi_dmul
                0x08000580                __muldf3
                0x080007d4                __divdf3
                0x080007d4                __aeabi_ddiv
 .text          0x080009a4       0x40 C:/ST/STM32CubeIDE_1.11.2/STM32CubeIDE/plugins/com.st.stm32cube.ide.mcu.externaltools.gnu-tools-for-stm32.12.3.rel1.win32_1.0.100.202403111256/tools/bin/../lib/gcc/arm-none-eabi/12.3.1/thumb/v7e-m+fp/hard\libgcc.a(_arm_fixunsdfsi.o)
                0x080009a4                __aeabi_d2uiz
                0x080009a4                __fixunsdfsi
 .text          0x080009e4       0x30 C:/ST/STM32CubeIDE_1.11.2/STM32CubeIDE/plugins/com.st.stm32cube.ide.mcu.externaltools.gnu-tools-for-stm32.12.3.rel1.win32_1.0.100.202403111256/tools/bin/../lib/gcc/arm-none-eabi/12.3.1/thumb/v7e-m+fp/hard\libgcc.a(_aeabi_uldivmod.o)
                0x080009e4                __aeabi_uldivmod
 .text          0x08000a14      0x2bc C:/ST/STM32CubeIDE_1.11.2/STM32CubeIDE/plugins/com.st.stm32cube.ide.mcu.externaltools.gnu-tools-for-stm32.12.3.rel1.win32_1.0.100.202403111256/tools/bin/../lib/gcc/arm-none-eabi/12.3.1/thumb/v7e-m+fp/hard\libgcc.a(_udivmoddi4.o)
                0x08000a14                __udivmoddi4
 .text          0x08000cd0        0x4 C:/ST/STM32CubeIDE_1.11.2/STM32CubeIDE/plugins/com.st.stm32cube.ide.mcu.externaltools.gnu-tools-for-stm32.12.3.rel1.win32_1.0.100.202403111256/tools/bin/../lib/gcc/arm-none-eabi/12.3.1/thumb/v7e-m+fp/hard\libgcc.a(_dvmd_tls.o)
                0x08000cd0                __aeabi_idiv0
                0x08000cd0                __aeabi_ldiv0
 *(.text*)
 .text.DrivingAPIs_LineMove
                0x08000cd4       0x84 ./ASW/Src/DrivingAPIs.o
                0x08000cd4                DrivingAPIs_LineMove
 .text.DrivingAPIs_TurnMove
                0x08000d58       0xc0 ./ASW/Src/DrivingAPIs.o
                0x08000d58                DrivingAPIs_TurnMove
 .text.DrivingAPIs_Break
                0x08000e18       0x54 ./ASW/Src/DrivingAPIs.o
                0x08000e18                DrivingAPIs_Break
 .text.state_machine
                0x08000e6c       0x68 ./ASW/Src/MotionController.o
                0x08000e6c                state_machine
 .text.SensorMapping_Read
                0x08000ed4       0x5c ./ASW/Src/SensorMapping.o
                0x08000ed4                SensorMapping_Read
 .text.HBridge_MotorControl
                0x08000f30      0x19c ./BSW/Src/HBridge.o
                0x08000f30                HBridge_MotorControl
 .text.HBridge_MotorStop
                0x080010cc       0x8c ./BSW/Src/HBridge.o
                0x080010cc                HBridge_MotorStop
 .text.AdjustDutyCycle
                0x08001158       0x44 ./BSW/Src/HBridge.o
                0x08001158                AdjustDutyCycle
 .text.delay    0x0800119c       0x34 ./BSW/Src/HCSR04.o
                0x0800119c                delay
 .text.HAL_TIM_IC_CaptureCallback
                0x080011d0      0x140 ./BSW/Src/HCSR04.o
                0x080011d0                HAL_TIM_IC_CaptureCallback
 .text.HCSR04_Read
                0x08001310       0x40 ./BSW/Src/HCSR04.o
                0x08001310                HCSR04_Read
 .text.ServoSG90_SteeringWheelCtrl
                0x08001350       0x24 ./BSW/Src/ServoSG90.o
                0x08001350                ServoSG90_SteeringWheelCtrl
 .text.main     0x08001374       0x60 ./Core/Src/main.o
                0x08001374                main
 .text.SystemClock_Config
                0x080013d4       0xe4 ./Core/Src/main.o
                0x080013d4                SystemClock_Config
 .text.MX_TIM1_Init
                0x080014b8      0x140 ./Core/Src/main.o
 .text.MX_TIM2_Init
                0x080015f8       0xec ./Core/Src/main.o
 .text.MX_TIM3_Init
                0x080016e4       0xe0 ./Core/Src/main.o
 .text.MX_TIM8_Init
                0x080017c4      0x140 ./Core/Src/main.o
 .text.MX_GPIO_Init
                0x08001904       0xc0 ./Core/Src/main.o
 .text.Error_Handler
                0x080019c4        0xc ./Core/Src/main.o
                0x080019c4                Error_Handler
 .text.HAL_MspInit
                0x080019d0       0x50 ./Core/Src/stm32f4xx_hal_msp.o
                0x080019d0                HAL_MspInit
 .text.HAL_TIM_Base_MspInit
                0x08001a20      0x120 ./Core/Src/stm32f4xx_hal_msp.o
                0x08001a20                HAL_TIM_Base_MspInit
 .text.HAL_TIM_MspPostInit
                0x08001b40      0x10c ./Core/Src/stm32f4xx_hal_msp.o
                0x08001b40                HAL_TIM_MspPostInit
 .text.NMI_Handler
                0x08001c4c        0x8 ./Core/Src/stm32f4xx_it.o
                0x08001c4c                NMI_Handler
 .text.HardFault_Handler
                0x08001c54        0x8 ./Core/Src/stm32f4xx_it.o
                0x08001c54                HardFault_Handler
 .text.MemManage_Handler
                0x08001c5c        0x8 ./Core/Src/stm32f4xx_it.o
                0x08001c5c                MemManage_Handler
 .text.BusFault_Handler
                0x08001c64        0x8 ./Core/Src/stm32f4xx_it.o
                0x08001c64                BusFault_Handler
 .text.UsageFault_Handler
                0x08001c6c        0x8 ./Core/Src/stm32f4xx_it.o
                0x08001c6c                UsageFault_Handler
 .text.SVC_Handler
                0x08001c74        0xe ./Core/Src/stm32f4xx_it.o
                0x08001c74                SVC_Handler
 .text.DebugMon_Handler
                0x08001c82        0xe ./Core/Src/stm32f4xx_it.o
                0x08001c82                DebugMon_Handler
 .text.PendSV_Handler
                0x08001c90        0xe ./Core/Src/stm32f4xx_it.o
                0x08001c90                PendSV_Handler
 .text.SysTick_Handler
                0x08001c9e        0xc ./Core/Src/stm32f4xx_it.o
                0x08001c9e                SysTick_Handler
 *fill*         0x08001caa        0x2 
 .text.TIM3_IRQHandler
                0x08001cac       0x14 ./Core/Src/stm32f4xx_it.o
                0x08001cac                TIM3_IRQHandler
 .text.SystemInit
                0x08001cc0       0x24 ./Core/Src/system_stm32f4xx.o
                0x08001cc0                SystemInit
 .text.Reset_Handler
                0x08001ce4       0x50 ./Core/Startup/startup_stm32f446retx.o
                0x08001ce4                Reset_Handler
 .text.Default_Handler
                0x08001d34        0x2 ./Core/Startup/startup_stm32f446retx.o
                0x08001d34                RTC_Alarm_IRQHandler
                0x08001d34                EXTI2_IRQHandler
                0x08001d34                TIM8_CC_IRQHandler
                0x08001d34                FMPI2C1_EV_IRQHandler
                0x08001d34                SPI4_IRQHandler
                0x08001d34                TIM1_CC_IRQHandler
                0x08001d34                DMA2_Stream5_IRQHandler
                0x08001d34                DMA1_Stream5_IRQHandler
                0x08001d34                PVD_IRQHandler
                0x08001d34                SDIO_IRQHandler
                0x08001d34                TAMP_STAMP_IRQHandler
                0x08001d34                CAN2_RX1_IRQHandler
                0x08001d34                EXTI3_IRQHandler
                0x08001d34                TIM8_TRG_COM_TIM14_IRQHandler
                0x08001d34                TIM1_UP_TIM10_IRQHandler
                0x08001d34                TIM8_UP_TIM13_IRQHandler
                0x08001d34                I2C3_ER_IRQHandler
                0x08001d34                EXTI0_IRQHandler
                0x08001d34                I2C2_EV_IRQHandler
                0x08001d34                DMA1_Stream2_IRQHandler
                0x08001d34                CAN1_RX0_IRQHandler
                0x08001d34                FPU_IRQHandler
                0x08001d34                OTG_HS_WKUP_IRQHandler
                0x08001d34                CAN2_SCE_IRQHandler
                0x08001d34                DMA2_Stream2_IRQHandler
                0x08001d34                SPI1_IRQHandler
                0x08001d34                TIM6_DAC_IRQHandler
                0x08001d34                TIM1_BRK_TIM9_IRQHandler
                0x08001d34                DCMI_IRQHandler
                0x08001d34                CAN2_RX0_IRQHandler
                0x08001d34                DMA2_Stream3_IRQHandler
                0x08001d34                SAI2_IRQHandler
                0x08001d34                USART6_IRQHandler
                0x08001d34                USART3_IRQHandler
                0x08001d34                CAN1_RX1_IRQHandler
                0x08001d34                UART5_IRQHandler
                0x08001d34                DMA2_Stream0_IRQHandler
                0x08001d34                TIM4_IRQHandler
                0x08001d34                QUADSPI_IRQHandler
                0x08001d34                I2C1_EV_IRQHandler
                0x08001d34                DMA1_Stream6_IRQHandler
                0x08001d34                DMA1_Stream1_IRQHandler
                0x08001d34                UART4_IRQHandler
                0x08001d34                RCC_IRQHandler
                0x08001d34                TIM8_BRK_TIM12_IRQHandler
                0x08001d34                Default_Handler
                0x08001d34                CEC_IRQHandler
                0x08001d34                EXTI15_10_IRQHandler
                0x08001d34                ADC_IRQHandler
                0x08001d34                DMA1_Stream7_IRQHandler
                0x08001d34                TIM7_IRQHandler
                0x08001d34                CAN2_TX_IRQHandler
                0x08001d34                TIM5_IRQHandler
                0x08001d34                DMA2_Stream7_IRQHandler
                0x08001d34                I2C3_EV_IRQHandler
                0x08001d34                EXTI9_5_IRQHandler
                0x08001d34                RTC_WKUP_IRQHandler
                0x08001d34                SPDIF_RX_IRQHandler
                0x08001d34                SPI2_IRQHandler
                0x08001d34                OTG_HS_EP1_IN_IRQHandler
                0x08001d34                DMA1_Stream0_IRQHandler
                0x08001d34                CAN1_TX_IRQHandler
                0x08001d34                FMPI2C1_ER_IRQHandler
                0x08001d34                EXTI4_IRQHandler
                0x08001d34                OTG_HS_EP1_OUT_IRQHandler
                0x08001d34                WWDG_IRQHandler
                0x08001d34                TIM2_IRQHandler
                0x08001d34                OTG_FS_WKUP_IRQHandler
                0x08001d34                TIM1_TRG_COM_TIM11_IRQHandler
                0x08001d34                OTG_HS_IRQHandler
                0x08001d34                EXTI1_IRQHandler
                0x08001d34                USART2_IRQHandler
                0x08001d34                I2C2_ER_IRQHandler
                0x08001d34                DMA2_Stream1_IRQHandler
                0x08001d34                CAN1_SCE_IRQHandler
                0x08001d34                FLASH_IRQHandler
                0x08001d34                DMA2_Stream4_IRQHandler
                0x08001d34                USART1_IRQHandler
                0x08001d34                OTG_FS_IRQHandler
                0x08001d34                SPI3_IRQHandler
                0x08001d34                DMA1_Stream4_IRQHandler
                0x08001d34                I2C1_ER_IRQHandler
                0x08001d34                FMC_IRQHandler
                0x08001d34                DMA2_Stream6_IRQHandler
                0x08001d34                SAI1_IRQHandler
                0x08001d34                DMA1_Stream3_IRQHandler
 *fill*         0x08001d36        0x2 
 .text.HAL_Init
                0x08001d38       0x44 ./Drivers/STM32F4xx_HAL_Driver/Src/stm32f4xx_hal.o
                0x08001d38                HAL_Init
 .text.HAL_InitTick
                0x08001d7c       0x60 ./Drivers/STM32F4xx_HAL_Driver/Src/stm32f4xx_hal.o
                0x08001d7c                HAL_InitTick
 .text.HAL_IncTick
                0x08001ddc       0x28 ./Drivers/STM32F4xx_HAL_Driver/Src/stm32f4xx_hal.o
                0x08001ddc                HAL_IncTick
 .text.HAL_GetTick
                0x08001e04       0x18 ./Drivers/STM32F4xx_HAL_Driver/Src/stm32f4xx_hal.o
                0x08001e04                HAL_GetTick
 .text.HAL_Delay
                0x08001e1c       0x48 ./Drivers/STM32F4xx_HAL_Driver/Src/stm32f4xx_hal.o
                0x08001e1c                HAL_Delay
 .text.__NVIC_SetPriorityGrouping
                0x08001e64       0x48 ./Drivers/STM32F4xx_HAL_Driver/Src/stm32f4xx_hal_cortex.o
 .text.__NVIC_GetPriorityGrouping
                0x08001eac       0x1c ./Drivers/STM32F4xx_HAL_Driver/Src/stm32f4xx_hal_cortex.o
 .text.__NVIC_EnableIRQ
                0x08001ec8       0x3c ./Drivers/STM32F4xx_HAL_Driver/Src/stm32f4xx_hal_cortex.o
 .text.__NVIC_SetPriority
                0x08001f04       0x54 ./Drivers/STM32F4xx_HAL_Driver/Src/stm32f4xx_hal_cortex.o
 .text.NVIC_EncodePriority
                0x08001f58       0x66 ./Drivers/STM32F4xx_HAL_Driver/Src/stm32f4xx_hal_cortex.o
 *fill*         0x08001fbe        0x2 
 .text.SysTick_Config
                0x08001fc0       0x44 ./Drivers/STM32F4xx_HAL_Driver/Src/stm32f4xx_hal_cortex.o
 .text.HAL_NVIC_SetPriorityGrouping
                0x08002004       0x16 ./Drivers/STM32F4xx_HAL_Driver/Src/stm32f4xx_hal_cortex.o
                0x08002004                HAL_NVIC_SetPriorityGrouping
 .text.HAL_NVIC_SetPriority
                0x0800201a       0x38 ./Drivers/STM32F4xx_HAL_Driver/Src/stm32f4xx_hal_cortex.o
                0x0800201a                HAL_NVIC_SetPriority
 .text.HAL_NVIC_EnableIRQ
                0x08002052       0x1c ./Drivers/STM32F4xx_HAL_Driver/Src/stm32f4xx_hal_cortex.o
                0x08002052                HAL_NVIC_EnableIRQ
 .text.HAL_SYSTICK_Config
                0x0800206e       0x18 ./Drivers/STM32F4xx_HAL_Driver/Src/stm32f4xx_hal_cortex.o
                0x0800206e                HAL_SYSTICK_Config
 *fill*         0x08002086        0x2 
 .text.HAL_GPIO_Init
                0x08002088      0x328 ./Drivers/STM32F4xx_HAL_Driver/Src/stm32f4xx_hal_gpio.o
                0x08002088                HAL_GPIO_Init
 .text.HAL_GPIO_WritePin
                0x080023b0       0x32 ./Drivers/STM32F4xx_HAL_Driver/Src/stm32f4xx_hal_gpio.o
                0x080023b0                HAL_GPIO_WritePin
 *fill*         0x080023e2        0x2 
 .text.HAL_PWREx_EnableOverDrive
                0x080023e4       0xa0 ./Drivers/STM32F4xx_HAL_Driver/Src/stm32f4xx_hal_pwr_ex.o
                0x080023e4                HAL_PWREx_EnableOverDrive
 .text.HAL_RCC_ClockConfig
                0x08002484      0x1cc ./Drivers/STM32F4xx_HAL_Driver/Src/stm32f4xx_hal_rcc.o
                0x08002484                HAL_RCC_ClockConfig
 .text.HAL_RCC_GetSysClockFreq
                0x08002650      0x460 ./Drivers/STM32F4xx_HAL_Driver/Src/stm32f4xx_hal_rcc_ex.o
                0x08002650                HAL_RCC_GetSysClockFreq
 .text.HAL_RCC_OscConfig
                0x08002ab0      0x53c ./Drivers/STM32F4xx_HAL_Driver/Src/stm32f4xx_hal_rcc_ex.o
                0x08002ab0                HAL_RCC_OscConfig
 .text.HAL_TIM_Base_Init
                0x08002fec       0x9e ./Drivers/STM32F4xx_HAL_Driver/Src/stm32f4xx_hal_tim.o
                0x08002fec                HAL_TIM_Base_Init
 .text.HAL_TIM_PWM_Init
                0x0800308a       0x9e ./Drivers/STM32F4xx_HAL_Driver/Src/stm32f4xx_hal_tim.o
                0x0800308a                HAL_TIM_PWM_Init
 .text.HAL_TIM_PWM_MspInit
                0x08003128       0x14 ./Drivers/STM32F4xx_HAL_Driver/Src/stm32f4xx_hal_tim.o
                0x08003128                HAL_TIM_PWM_MspInit
 .text.HAL_TIM_PWM_Start
                0x0800313c      0x190 ./Drivers/STM32F4xx_HAL_Driver/Src/stm32f4xx_hal_tim.o
                0x0800313c                HAL_TIM_PWM_Start
 .text.HAL_TIM_IC_Init
                0x080032cc       0x9e ./Drivers/STM32F4xx_HAL_Driver/Src/stm32f4xx_hal_tim.o
                0x080032cc                HAL_TIM_IC_Init
 .text.HAL_TIM_IC_MspInit
                0x0800336a       0x14 ./Drivers/STM32F4xx_HAL_Driver/Src/stm32f4xx_hal_tim.o
                0x0800336a                HAL_TIM_IC_MspInit
 *fill*         0x0800337e        0x2 
 .text.HAL_TIM_IC_Start_IT
                0x08003380      0x250 ./Drivers/STM32F4xx_HAL_Driver/Src/stm32f4xx_hal_tim.o
                0x08003380                HAL_TIM_IC_Start_IT
 .text.HAL_TIM_IRQHandler
                0x080035d0      0x1e0 ./Drivers/STM32F4xx_HAL_Driver/Src/stm32f4xx_hal_tim.o
                0x080035d0                HAL_TIM_IRQHandler
 .text.HAL_TIM_IC_ConfigChannel
                0x080037b0      0x138 ./Drivers/STM32F4xx_HAL_Driver/Src/stm32f4xx_hal_tim.o
                0x080037b0                HAL_TIM_IC_ConfigChannel
 .text.HAL_TIM_PWM_ConfigChannel
                0x080038e8      0x184 ./Drivers/STM32F4xx_HAL_Driver/Src/stm32f4xx_hal_tim.o
                0x080038e8                HAL_TIM_PWM_ConfigChannel
 .text.HAL_TIM_ConfigClockSource
                0x08003a6c      0x18e ./Drivers/STM32F4xx_HAL_Driver/Src/stm32f4xx_hal_tim.o
                0x08003a6c                HAL_TIM_ConfigClockSource
 *fill*         0x08003bfa        0x2 
 .text.HAL_TIM_ReadCapturedValue
                0x08003bfc       0x88 ./Drivers/STM32F4xx_HAL_Driver/Src/stm32f4xx_hal_tim.o
                0x08003bfc                HAL_TIM_ReadCapturedValue
 .text.HAL_TIM_PeriodElapsedCallback
                0x08003c84       0x14 ./Drivers/STM32F4xx_HAL_Driver/Src/stm32f4xx_hal_tim.o
                0x08003c84                HAL_TIM_PeriodElapsedCallback
 .text.HAL_TIM_OC_DelayElapsedCallback
                0x08003c98       0x14 ./Drivers/STM32F4xx_HAL_Driver/Src/stm32f4xx_hal_tim.o
                0x08003c98                HAL_TIM_OC_DelayElapsedCallback
 .text.HAL_TIM_PWM_PulseFinishedCallback
                0x08003cac       0x14 ./Drivers/STM32F4xx_HAL_Driver/Src/stm32f4xx_hal_tim.o
                0x08003cac                HAL_TIM_PWM_PulseFinishedCallback
 .text.HAL_TIM_TriggerCallback
                0x08003cc0       0x14 ./Drivers/STM32F4xx_HAL_Driver/Src/stm32f4xx_hal_tim.o
                0x08003cc0                HAL_TIM_TriggerCallback
 .text.TIM_Base_SetConfig
                0x08003cd4      0x158 ./Drivers/STM32F4xx_HAL_Driver/Src/stm32f4xx_hal_tim.o
                0x08003cd4                TIM_Base_SetConfig
 .text.TIM_OC1_SetConfig
                0x08003e2c       0xe0 ./Drivers/STM32F4xx_HAL_Driver/Src/stm32f4xx_hal_tim.o
 .text.TIM_OC2_SetConfig
                0x08003f0c       0xec ./Drivers/STM32F4xx_HAL_Driver/Src/stm32f4xx_hal_tim.o
                0x08003f0c                TIM_OC2_SetConfig
 .text.TIM_OC3_SetConfig
                0x08003ff8       0xe8 ./Drivers/STM32F4xx_HAL_Driver/Src/stm32f4xx_hal_tim.o
 .text.TIM_OC4_SetConfig
                0x080040e0       0xac ./Drivers/STM32F4xx_HAL_Driver/Src/stm32f4xx_hal_tim.o
 .text.TIM_TI1_SetConfig
                0x0800418c       0xe8 ./Drivers/STM32F4xx_HAL_Driver/Src/stm32f4xx_hal_tim.o
                0x0800418c                TIM_TI1_SetConfig
 .text.TIM_TI1_ConfigInputStage
                0x08004274       0x5e ./Drivers/STM32F4xx_HAL_Driver/Src/stm32f4xx_hal_tim.o
 .text.TIM_TI2_SetConfig
                0x080042d2       0x7a ./Drivers/STM32F4xx_HAL_Driver/Src/stm32f4xx_hal_tim.o
 .text.TIM_TI2_ConfigInputStage
                0x0800434c       0x60 ./Drivers/STM32F4xx_HAL_Driver/Src/stm32f4xx_hal_tim.o
 .text.TIM_TI3_SetConfig
                0x080043ac       0x78 ./Drivers/STM32F4xx_HAL_Driver/Src/stm32f4xx_hal_tim.o
 .text.TIM_TI4_SetConfig
                0x08004424       0x7a ./Drivers/STM32F4xx_HAL_Driver/Src/stm32f4xx_hal_tim.o
 .text.TIM_ITRx_SetConfig
                0x0800449e       0x36 ./Drivers/STM32F4xx_HAL_Driver/Src/stm32f4xx_hal_tim.o
 .text.TIM_ETR_SetConfig
                0x080044d4       0x40 ./Drivers/STM32F4xx_HAL_Driver/Src/stm32f4xx_hal_tim.o
                0x080044d4                TIM_ETR_SetConfig
 .text.TIM_CCxChannelCmd
                0x08004514       0x4a ./Drivers/STM32F4xx_HAL_Driver/Src/stm32f4xx_hal_tim.o
                0x08004514                TIM_CCxChannelCmd
 *fill*         0x0800455e        0x2 
 .text.HAL_TIMEx_MasterConfigSynchronization
                0x08004560       0xf8 ./Drivers/STM32F4xx_HAL_Driver/Src/stm32f4xx_hal_tim_ex.o
                0x08004560                HAL_TIMEx_MasterConfigSynchronization
 .text.HAL_TIMEx_ConfigBreakDeadTime
                0x08004658       0xa4 ./Drivers/STM32F4xx_HAL_Driver/Src/stm32f4xx_hal_tim_ex.o
                0x08004658                HAL_TIMEx_ConfigBreakDeadTime
 .text.HAL_TIMEx_CommutCallback
                0x080046fc       0x14 ./Drivers/STM32F4xx_HAL_Driver/Src/stm32f4xx_hal_tim_ex.o
                0x080046fc                HAL_TIMEx_CommutCallback
 .text.HAL_TIMEx_BreakCallback
                0x08004710       0x14 ./Drivers/STM32F4xx_HAL_Driver/Src/stm32f4xx_hal_tim_ex.o
                0x08004710                HAL_TIMEx_BreakCallback
 .text.memset   0x08004724       0x10 C:/ST/STM32CubeIDE_1.11.2/STM32CubeIDE/plugins/com.st.stm32cube.ide.mcu.externaltools.gnu-tools-for-stm32.12.3.rel1.win32_1.0.100.202403111256/tools/bin/../lib/gcc/arm-none-eabi/12.3.1/../../../../arm-none-eabi/lib/thumb/v7e-m+fp/hard\libc_nano.a(libc_a-memset.o)
                0x08004724                memset
 .text.__libc_init_array
                0x08004734       0x48 C:/ST/STM32CubeIDE_1.11.2/STM32CubeIDE/plugins/com.st.stm32cube.ide.mcu.externaltools.gnu-tools-for-stm32.12.3.rel1.win32_1.0.100.202403111256/tools/bin/../lib/gcc/arm-none-eabi/12.3.1/../../../../arm-none-eabi/lib/thumb/v7e-m+fp/hard\libc_nano.a(libc_a-init.o)
                0x08004734                __libc_init_array
 *(.glue_7)
 .glue_7        0x0800477c        0x0 linker stubs
 *(.glue_7t)
 .glue_7t       0x0800477c        0x0 linker stubs
 *(.eh_frame)
 .eh_frame      0x0800477c        0x0 C:/ST/STM32CubeIDE_1.11.2/STM32CubeIDE/plugins/com.st.stm32cube.ide.mcu.externaltools.gnu-tools-for-stm32.12.3.rel1.win32_1.0.100.202403111256/tools/bin/../lib/gcc/arm-none-eabi/12.3.1/thumb/v7e-m+fp/hard/crtbegin.o
 *(.init)
 .init          0x0800477c        0x4 C:/ST/STM32CubeIDE_1.11.2/STM32CubeIDE/plugins/com.st.stm32cube.ide.mcu.externaltools.gnu-tools-for-stm32.12.3.rel1.win32_1.0.100.202403111256/tools/bin/../lib/gcc/arm-none-eabi/12.3.1/thumb/v7e-m+fp/hard/crti.o
                0x0800477c                _init
 .init          0x08004780        0x8 C:/ST/STM32CubeIDE_1.11.2/STM32CubeIDE/plugins/com.st.stm32cube.ide.mcu.externaltools.gnu-tools-for-stm32.12.3.rel1.win32_1.0.100.202403111256/tools/bin/../lib/gcc/arm-none-eabi/12.3.1/thumb/v7e-m+fp/hard/crtn.o
 *(.fini)
 .fini          0x08004788        0x4 C:/ST/STM32CubeIDE_1.11.2/STM32CubeIDE/plugins/com.st.stm32cube.ide.mcu.externaltools.gnu-tools-for-stm32.12.3.rel1.win32_1.0.100.202403111256/tools/bin/../lib/gcc/arm-none-eabi/12.3.1/thumb/v7e-m+fp/hard/crti.o
                0x08004788                _fini
 .fini          0x0800478c        0x8 C:/ST/STM32CubeIDE_1.11.2/STM32CubeIDE/plugins/com.st.stm32cube.ide.mcu.externaltools.gnu-tools-for-stm32.12.3.rel1.win32_1.0.100.202403111256/tools/bin/../lib/gcc/arm-none-eabi/12.3.1/thumb/v7e-m+fp/hard/crtn.o
                0x08004794                        . = ALIGN (0x4)
                0x08004794                        _etext = .

.vfp11_veneer   0x08004794        0x0
 .vfp11_veneer  0x08004794        0x0 linker stubs

.v4_bx          0x08004794        0x0
 .v4_bx         0x08004794        0x0 linker stubs

.iplt           0x08004794        0x0
 .iplt          0x08004794        0x0 C:/ST/STM32CubeIDE_1.11.2/STM32CubeIDE/plugins/com.st.stm32cube.ide.mcu.externaltools.gnu-tools-for-stm32.12.3.rel1.win32_1.0.100.202403111256/tools/bin/../lib/gcc/arm-none-eabi/12.3.1/thumb/v7e-m+fp/hard/crtbegin.o

.rodata         0x08004794       0x10
                0x08004794                        . = ALIGN (0x4)
 *(.rodata)
 *(.rodata*)
 .rodata.AHBPrescTable
                0x08004794       0x10 ./Core/Src/system_stm32f4xx.o
                0x08004794                AHBPrescTable
                0x080047a4                        . = ALIGN (0x4)

.ARM.extab      0x080047a4        0x0
                0x080047a4                        . = ALIGN (0x4)
 *(.ARM.extab* .gnu.linkonce.armextab.*)
                0x080047a4                        . = ALIGN (0x4)

.ARM            0x080047a4        0x8
                0x080047a4                        . = ALIGN (0x4)
                0x080047a4                        __exidx_start = .
 *(.ARM.exidx*)
 .ARM.exidx     0x080047a4        0x8 C:/ST/STM32CubeIDE_1.11.2/STM32CubeIDE/plugins/com.st.stm32cube.ide.mcu.externaltools.gnu-tools-for-stm32.12.3.rel1.win32_1.0.100.202403111256/tools/bin/../lib/gcc/arm-none-eabi/12.3.1/thumb/v7e-m+fp/hard\libgcc.a(_udivmoddi4.o)
                0x080047ac                        __exidx_end = .
                0x080047ac                        . = ALIGN (0x4)

.preinit_array  0x080047ac        0x0
                0x080047ac                        . = ALIGN (0x4)
                0x080047ac                        PROVIDE (__preinit_array_start = .)
 *(.preinit_array*)
                0x080047ac                        PROVIDE (__preinit_array_end = .)
                0x080047ac                        . = ALIGN (0x4)

.init_array     0x080047ac        0x4
                0x080047ac                        . = ALIGN (0x4)
                0x080047ac                        PROVIDE (__init_array_start = .)
 *(SORT_BY_NAME(.init_array.*))
 *(.init_array*)
 .init_array    0x080047ac        0x4 C:/ST/STM32CubeIDE_1.11.2/STM32CubeIDE/plugins/com.st.stm32cube.ide.mcu.externaltools.gnu-tools-for-stm32.12.3.rel1.win32_1.0.100.202403111256/tools/bin/../lib/gcc/arm-none-eabi/12.3.1/thumb/v7e-m+fp/hard/crtbegin.o
                0x080047b0                        PROVIDE (__init_array_end = .)
                0x080047b0                        . = ALIGN (0x4)

.fini_array     0x080047b0        0x4
                0x080047b0                        . = ALIGN (0x4)
                [!provide]                        PROVIDE (__fini_array_start = .)
 *(SORT_BY_NAME(.fini_array.*))
 *(.fini_array*)
 .fini_array    0x080047b0        0x4 C:/ST/STM32CubeIDE_1.11.2/STM32CubeIDE/plugins/com.st.stm32cube.ide.mcu.externaltools.gnu-tools-for-stm32.12.3.rel1.win32_1.0.100.202403111256/tools/bin/../lib/gcc/arm-none-eabi/12.3.1/thumb/v7e-m+fp/hard/crtbegin.o
                [!provide]                        PROVIDE (__fini_array_end = .)
                0x080047b4                        . = ALIGN (0x4)
                0x080047b4                        _sidata = LOADADDR (.data)

.rel.dyn        0x080047b4        0x0
 .rel.iplt      0x080047b4        0x0 C:/ST/STM32CubeIDE_1.11.2/STM32CubeIDE/plugins/com.st.stm32cube.ide.mcu.externaltools.gnu-tools-for-stm32.12.3.rel1.win32_1.0.100.202403111256/tools/bin/../lib/gcc/arm-none-eabi/12.3.1/thumb/v7e-m+fp/hard/crtbegin.o

.data           0x20000000        0xc load address 0x080047b4
                0x20000000                        . = ALIGN (0x4)
                0x20000000                        _sdata = .
 *(.data)
 *(.data*)
 .data.SystemCoreClock
                0x20000000        0x4 ./Core/Src/system_stm32f4xx.o
                0x20000000                SystemCoreClock
 .data.uwTickPrio
                0x20000004        0x4 ./Drivers/STM32F4xx_HAL_Driver/Src/stm32f4xx_hal.o
                0x20000004                uwTickPrio
 .data.uwTickFreq
                0x20000008        0x1 ./Drivers/STM32F4xx_HAL_Driver/Src/stm32f4xx_hal.o
                0x20000008                uwTickFreq
 *(.RamFunc)
 *(.RamFunc*)
                0x2000000c                        . = ALIGN (0x4)
 *fill*         0x20000009        0x3 
                0x2000000c                        _edata = .

.igot.plt       0x2000000c        0x0 load address 0x080047c0
 .igot.plt      0x2000000c        0x0 C:/ST/STM32CubeIDE_1.11.2/STM32CubeIDE/plugins/com.st.stm32cube.ide.mcu.externaltools.gnu-tools-for-stm32.12.3.rel1.win32_1.0.100.202403111256/tools/bin/../lib/gcc/arm-none-eabi/12.3.1/thumb/v7e-m+fp/hard/crtbegin.o
                0x2000000c                        . = ALIGN (0x4)

.bss            0x2000000c      0x170 load address 0x080047c0
                0x2000000c                        _sbss = .
                0x2000000c                        __bss_start__ = _sbss
 *(.bss)
 .bss           0x2000000c       0x1c C:/ST/STM32CubeIDE_1.11.2/STM32CubeIDE/plugins/com.st.stm32cube.ide.mcu.externaltools.gnu-tools-for-stm32.12.3.rel1.win32_1.0.100.202403111256/tools/bin/../lib/gcc/arm-none-eabi/12.3.1/thumb/v7e-m+fp/hard/crtbegin.o
 *(.bss*)
 .bss.Wheels    0x20000028        0x4 ./ASW/Src/DrivingAPIs.o
 .bss.Directions
                0x2000002c        0x8 ./ASW/Src/DrivingAPIs.o
 .bss.Speeds    0x20000034        0x4 ./ASW/Src/DrivingAPIs.o
 .bss.ActSensPos.0
                0x20000038        0xc ./ASW/Src/MotionController.o
 .bss.flag.0    0x20000044        0x1 ./ASW/Src/SensorMapping.o
 *fill*         0x20000045        0x3 
 .bss.IC_Val1   0x20000048        0x4 ./BSW/Src/HCSR04.o
                0x20000048                IC_Val1
 .bss.IC_Val2   0x2000004c        0x4 ./BSW/Src/HCSR04.o
                0x2000004c                IC_Val2
 .bss.Difference
                0x20000050        0x4 ./BSW/Src/HCSR04.o
                0x20000050                Difference
 .bss.Is_First_Captured
                0x20000054        0x1 ./BSW/Src/HCSR04.o
                0x20000054                Is_First_Captured
 .bss.Distance  0x20000055        0x1 ./BSW/Src/HCSR04.o
                0x20000055                Distance
 *fill*         0x20000056        0x2 
 .bss.htim1     0x20000058       0x48 ./Core/Src/main.o
                0x20000058                htim1
 .bss.htim2     0x200000a0       0x48 ./Core/Src/main.o
                0x200000a0                htim2
 .bss.htim3     0x200000e8       0x48 ./Core/Src/main.o
                0x200000e8                htim3
 .bss.htim8     0x20000130       0x48 ./Core/Src/main.o
                0x20000130                htim8
 .bss.uwTick    0x20000178        0x4 ./Drivers/STM32F4xx_HAL_Driver/Src/stm32f4xx_hal.o
                0x20000178                uwTick
 *(COMMON)
                0x2000017c                        . = ALIGN (0x4)
                0x2000017c                        _ebss = .
                0x2000017c                        __bss_end__ = _ebss

._user_heap_stack
                0x2000017c      0x604 load address 0x080047c0
                0x20000180                        . = ALIGN (0x8)
 *fill*         0x2000017c        0x4 
                [!provide]                        PROVIDE (end = .)
                0x20000180                        PROVIDE (_end = .)
                0x20000380                        . = (. + _Min_Heap_Size)
 *fill*         0x20000180      0x200 
                0x20000780                        . = (. + _Min_Stack_Size)
 *fill*         0x20000380      0x400 
                0x20000780                        . = ALIGN (0x8)

/DISCARD/
 libc.a(*)
 libm.a(*)
 libgcc.a(*)

.ARM.attributes
                0x00000000       0x30
 *(.ARM.attributes)
 .ARM.attributes
                0x00000000       0x22 C:/ST/STM32CubeIDE_1.11.2/STM32CubeIDE/plugins/com.st.stm32cube.ide.mcu.externaltools.gnu-tools-for-stm32.12.3.rel1.win32_1.0.100.202403111256/tools/bin/../lib/gcc/arm-none-eabi/12.3.1/thumb/v7e-m+fp/hard/crti.o
 .ARM.attributes
                0x00000022       0x34 C:/ST/STM32CubeIDE_1.11.2/STM32CubeIDE/plugins/com.st.stm32cube.ide.mcu.externaltools.gnu-tools-for-stm32.12.3.rel1.win32_1.0.100.202403111256/tools/bin/../lib/gcc/arm-none-eabi/12.3.1/thumb/v7e-m+fp/hard/crtbegin.o
 .ARM.attributes
                0x00000056       0x34 ./ASW/Src/DrivingAPIs.o
 .ARM.attributes
                0x0000008a       0x34 ./ASW/Src/MotionController.o
 .ARM.attributes
                0x000000be       0x34 ./ASW/Src/SensorMapping.o
 .ARM.attributes
                0x000000f2       0x34 ./BSW/Src/HBridge.o
 .ARM.attributes
                0x00000126       0x34 ./BSW/Src/HCSR04.o
 .ARM.attributes
                0x0000015a       0x34 ./BSW/Src/ServoSG90.o
 .ARM.attributes
                0x0000018e       0x34 ./Core/Src/main.o
 .ARM.attributes
                0x000001c2       0x34 ./Core/Src/stm32f4xx_hal_msp.o
 .ARM.attributes
                0x000001f6       0x34 ./Core/Src/stm32f4xx_it.o
 .ARM.attributes
                0x0000022a       0x34 ./Core/Src/system_stm32f4xx.o
 .ARM.attributes
                0x0000025e       0x21 ./Core/Startup/startup_stm32f446retx.o
 .ARM.attributes
                0x0000027f       0x34 ./Drivers/STM32F4xx_HAL_Driver/Src/stm32f4xx_hal.o
 .ARM.attributes
                0x000002b3       0x34 ./Drivers/STM32F4xx_HAL_Driver/Src/stm32f4xx_hal_cortex.o
 .ARM.attributes
                0x000002e7       0x34 ./Drivers/STM32F4xx_HAL_Driver/Src/stm32f4xx_hal_gpio.o
 .ARM.attributes
                0x0000031b       0x34 ./Drivers/STM32F4xx_HAL_Driver/Src/stm32f4xx_hal_pwr_ex.o
 .ARM.attributes
                0x0000034f       0x34 ./Drivers/STM32F4xx_HAL_Driver/Src/stm32f4xx_hal_rcc.o
 .ARM.attributes
                0x00000383       0x34 ./Drivers/STM32F4xx_HAL_Driver/Src/stm32f4xx_hal_rcc_ex.o
 .ARM.attributes
                0x000003b7       0x34 ./Drivers/STM32F4xx_HAL_Driver/Src/stm32f4xx_hal_tim.o
 .ARM.attributes
                0x000003eb       0x34 ./Drivers/STM32F4xx_HAL_Driver/Src/stm32f4xx_hal_tim_ex.o
 .ARM.attributes
                0x0000041f       0x34 C:/ST/STM32CubeIDE_1.11.2/STM32CubeIDE/plugins/com.st.stm32cube.ide.mcu.externaltools.gnu-tools-for-stm32.12.3.rel1.win32_1.0.100.202403111256/tools/bin/../lib/gcc/arm-none-eabi/12.3.1/../../../../arm-none-eabi/lib/thumb/v7e-m+fp/hard\libc_nano.a(libc_a-memset.o)
 .ARM.attributes
                0x00000453       0x34 C:/ST/STM32CubeIDE_1.11.2/STM32CubeIDE/plugins/com.st.stm32cube.ide.mcu.externaltools.gnu-tools-for-stm32.12.3.rel1.win32_1.0.100.202403111256/tools/bin/../lib/gcc/arm-none-eabi/12.3.1/../../../../arm-none-eabi/lib/thumb/v7e-m+fp/hard\libc_nano.a(libc_a-init.o)
 .ARM.attributes
                0x00000487       0x22 C:/ST/STM32CubeIDE_1.11.2/STM32CubeIDE/plugins/com.st.stm32cube.ide.mcu.externaltools.gnu-tools-for-stm32.12.3.rel1.win32_1.0.100.202403111256/tools/bin/../lib/gcc/arm-none-eabi/12.3.1/thumb/v7e-m+fp/hard\libgcc.a(_arm_addsubdf3.o)
 .ARM.attributes
                0x000004a9       0x22 C:/ST/STM32CubeIDE_1.11.2/STM32CubeIDE/plugins/com.st.stm32cube.ide.mcu.externaltools.gnu-tools-for-stm32.12.3.rel1.win32_1.0.100.202403111256/tools/bin/../lib/gcc/arm-none-eabi/12.3.1/thumb/v7e-m+fp/hard\libgcc.a(_arm_muldivdf3.o)
 .ARM.attributes
                0x000004cb       0x22 C:/ST/STM32CubeIDE_1.11.2/STM32CubeIDE/plugins/com.st.stm32cube.ide.mcu.externaltools.gnu-tools-for-stm32.12.3.rel1.win32_1.0.100.202403111256/tools/bin/../lib/gcc/arm-none-eabi/12.3.1/thumb/v7e-m+fp/hard\libgcc.a(_arm_fixunsdfsi.o)
 .ARM.attributes
                0x000004ed       0x22 C:/ST/STM32CubeIDE_1.11.2/STM32CubeIDE/plugins/com.st.stm32cube.ide.mcu.externaltools.gnu-tools-for-stm32.12.3.rel1.win32_1.0.100.202403111256/tools/bin/../lib/gcc/arm-none-eabi/12.3.1/thumb/v7e-m+fp/hard\libgcc.a(_aeabi_uldivmod.o)
 .ARM.attributes
                0x0000050f       0x34 C:/ST/STM32CubeIDE_1.11.2/STM32CubeIDE/plugins/com.st.stm32cube.ide.mcu.externaltools.gnu-tools-for-stm32.12.3.rel1.win32_1.0.100.202403111256/tools/bin/../lib/gcc/arm-none-eabi/12.3.1/thumb/v7e-m+fp/hard\libgcc.a(_udivmoddi4.o)
 .ARM.attributes
                0x00000543       0x22 C:/ST/STM32CubeIDE_1.11.2/STM32CubeIDE/plugins/com.st.stm32cube.ide.mcu.externaltools.gnu-tools-for-stm32.12.3.rel1.win32_1.0.100.202403111256/tools/bin/../lib/gcc/arm-none-eabi/12.3.1/thumb/v7e-m+fp/hard\libgcc.a(_dvmd_tls.o)
 .ARM.attributes
                0x00000565       0x22 C:/ST/STM32CubeIDE_1.11.2/STM32CubeIDE/plugins/com.st.stm32cube.ide.mcu.externaltools.gnu-tools-for-stm32.12.3.rel1.win32_1.0.100.202403111256/tools/bin/../lib/gcc/arm-none-eabi/12.3.1/thumb/v7e-m+fp/hard/crtn.o
OUTPUT(Test_Application.elf elf32-littlearm)
LOAD linker stubs
LOAD C:/ST/STM32CubeIDE_1.11.2/STM32CubeIDE/plugins/com.st.stm32cube.ide.mcu.externaltools.gnu-tools-for-stm32.12.3.rel1.win32_1.0.100.202403111256/tools/bin/../lib/gcc/arm-none-eabi/12.3.1/../../../../arm-none-eabi/lib/thumb/v7e-m+fp/hard\libc.a
LOAD C:/ST/STM32CubeIDE_1.11.2/STM32CubeIDE/plugins/com.st.stm32cube.ide.mcu.externaltools.gnu-tools-for-stm32.12.3.rel1.win32_1.0.100.202403111256/tools/bin/../lib/gcc/arm-none-eabi/12.3.1/../../../../arm-none-eabi/lib/thumb/v7e-m+fp/hard\libm.a
LOAD C:/ST/STM32CubeIDE_1.11.2/STM32CubeIDE/plugins/com.st.stm32cube.ide.mcu.externaltools.gnu-tools-for-stm32.12.3.rel1.win32_1.0.100.202403111256/tools/bin/../lib/gcc/arm-none-eabi/12.3.1/thumb/v7e-m+fp/hard\libgcc.a

.debug_info     0x00000000     0xbe0a
 .debug_info    0x00000000      0x27a ./ASW/Src/DrivingAPIs.o
 .debug_info    0x0000027a      0x202 ./ASW/Src/MotionController.o
 .debug_info    0x0000047c      0x188 ./ASW/Src/SensorMapping.o
 .debug_info    0x00000604      0x877 ./BSW/Src/HBridge.o
 .debug_info    0x00000e7b      0x811 ./BSW/Src/HCSR04.o
 .debug_info    0x0000168c      0x65b ./BSW/Src/ServoSG90.o
 .debug_info    0x00001ce7     0x1166 ./Core/Src/main.o
 .debug_info    0x00002e4d      0xdb3 ./Core/Src/stm32f4xx_hal_msp.o
 .debug_info    0x00003c00      0x6e1 ./Core/Src/stm32f4xx_it.o
 .debug_info    0x000042e1      0x54a ./Core/Src/system_stm32f4xx.o
 .debug_info    0x0000482b       0x30 ./Core/Startup/startup_stm32f446retx.o
 .debug_info    0x0000485b      0x99a ./Drivers/STM32F4xx_HAL_Driver/Src/stm32f4xx_hal.o
 .debug_info    0x000051f5      0xd75 ./Drivers/STM32F4xx_HAL_Driver/Src/stm32f4xx_hal_cortex.o
 .debug_info    0x00005f6a      0x70b ./Drivers/STM32F4xx_HAL_Driver/Src/stm32f4xx_hal_gpio.o
 .debug_info    0x00006675      0x6da ./Drivers/STM32F4xx_HAL_Driver/Src/stm32f4xx_hal_pwr_ex.o
 .debug_info    0x00006d4f      0x8ed ./Drivers/STM32F4xx_HAL_Driver/Src/stm32f4xx_hal_rcc.o
 .debug_info    0x0000763c      0x956 ./Drivers/STM32F4xx_HAL_Driver/Src/stm32f4xx_hal_rcc_ex.o
 .debug_info    0x00007f92     0x299d ./Drivers/STM32F4xx_HAL_Driver/Src/stm32f4xx_hal_tim.o
 .debug_info    0x0000a92f     0x14db ./Drivers/STM32F4xx_HAL_Driver/Src/stm32f4xx_hal_tim_ex.o

.debug_abbrev   0x00000000     0x219c
 .debug_abbrev  0x00000000      0x10c ./ASW/Src/DrivingAPIs.o
 .debug_abbrev  0x0000010c       0xdd ./ASW/Src/MotionController.o
 .debug_abbrev  0x000001e9       0xe6 ./ASW/Src/SensorMapping.o
 .debug_abbrev  0x000002cf      0x1ae ./BSW/Src/HBridge.o
 .debug_abbrev  0x0000047d      0x1da ./BSW/Src/HCSR04.o
 .debug_abbrev  0x00000657      0x15e ./BSW/Src/ServoSG90.o
 .debug_abbrev  0x000007b5      0x2a7 ./Core/Src/main.o
 .debug_abbrev  0x00000a5c      0x1d6 ./Core/Src/stm32f4xx_hal_msp.o
 .debug_abbrev  0x00000c32      0x192 ./Core/Src/stm32f4xx_it.o
 .debug_abbrev  0x00000dc4      0x11a ./Core/Src/system_stm32f4xx.o
 .debug_abbrev  0x00000ede       0x24 ./Core/Startup/startup_stm32f446retx.o
 .debug_abbrev  0x00000f02      0x214 ./Drivers/STM32F4xx_HAL_Driver/Src/stm32f4xx_hal.o
 .debug_abbrev  0x00001116      0x328 ./Drivers/STM32F4xx_HAL_Driver/Src/stm32f4xx_hal_cortex.o
 .debug_abbrev  0x0000143e      0x1d4 ./Drivers/STM32F4xx_HAL_Driver/Src/stm32f4xx_hal_gpio.o
 .debug_abbrev  0x00001612      0x1cf ./Drivers/STM32F4xx_HAL_Driver/Src/stm32f4xx_hal_pwr_ex.o
 .debug_abbrev  0x000017e1      0x2b6 ./Drivers/STM32F4xx_HAL_Driver/Src/stm32f4xx_hal_rcc.o
 .debug_abbrev  0x00001a97      0x20a ./Drivers/STM32F4xx_HAL_Driver/Src/stm32f4xx_hal_rcc_ex.o
 .debug_abbrev  0x00001ca1      0x278 ./Drivers/STM32F4xx_HAL_Driver/Src/stm32f4xx_hal_tim.o
 .debug_abbrev  0x00001f19      0x283 ./Drivers/STM32F4xx_HAL_Driver/Src/stm32f4xx_hal_tim_ex.o

.debug_aranges  0x00000000      0xb50
 .debug_aranges
                0x00000000       0x38 ./ASW/Src/DrivingAPIs.o
 .debug_aranges
                0x00000038       0x28 ./ASW/Src/MotionController.o
 .debug_aranges
                0x00000060       0x20 ./ASW/Src/SensorMapping.o
 .debug_aranges
                0x00000080       0x38 ./BSW/Src/HBridge.o
 .debug_aranges
                0x000000b8       0x30 ./BSW/Src/HCSR04.o
 .debug_aranges
                0x000000e8       0x20 ./BSW/Src/ServoSG90.o
 .debug_aranges
                0x00000108       0x58 ./Core/Src/main.o
 .debug_aranges
                0x00000160       0x38 ./Core/Src/stm32f4xx_hal_msp.o
 .debug_aranges
                0x00000198       0x68 ./Core/Src/stm32f4xx_it.o
 .debug_aranges
                0x00000200       0x28 ./Core/Src/system_stm32f4xx.o
 .debug_aranges
                0x00000228       0x28 ./Core/Startup/startup_stm32f446retx.o
 .debug_aranges
                0x00000250       0xf0 ./Drivers/STM32F4xx_HAL_Driver/Src/stm32f4xx_hal.o
 .debug_aranges
                0x00000340      0x120 ./Drivers/STM32F4xx_HAL_Driver/Src/stm32f4xx_hal_cortex.o
 .debug_aranges
                0x00000460       0x58 ./Drivers/STM32F4xx_HAL_Driver/Src/stm32f4xx_hal_gpio.o
 .debug_aranges
                0x000004b8       0x60 ./Drivers/STM32F4xx_HAL_Driver/Src/stm32f4xx_hal_pwr_ex.o
 .debug_aranges
                0x00000518       0x88 ./Drivers/STM32F4xx_HAL_Driver/Src/stm32f4xx_hal_rcc.o
 .debug_aranges
                0x000005a0       0x78 ./Drivers/STM32F4xx_HAL_Driver/Src/stm32f4xx_hal_rcc_ex.o
 .debug_aranges
                0x00000618      0x3d0 ./Drivers/STM32F4xx_HAL_Driver/Src/stm32f4xx_hal_tim.o
 .debug_aranges
                0x000009e8      0x168 ./Drivers/STM32F4xx_HAL_Driver/Src/stm32f4xx_hal_tim_ex.o

.debug_rnglists
                0x00000000      0x8a0
 .debug_rnglists
                0x00000000       0x27 ./ASW/Src/DrivingAPIs.o
 .debug_rnglists
                0x00000027       0x19 ./ASW/Src/MotionController.o
 .debug_rnglists
                0x00000040       0x13 ./ASW/Src/SensorMapping.o
 .debug_rnglists
                0x00000053       0x27 ./BSW/Src/HBridge.o
 .debug_rnglists
                0x0000007a       0x20 ./BSW/Src/HCSR04.o
 .debug_rnglists
                0x0000009a       0x13 ./BSW/Src/ServoSG90.o
 .debug_rnglists
                0x000000ad       0x43 ./Core/Src/main.o
 .debug_rnglists
                0x000000f0       0x28 ./Core/Src/stm32f4xx_hal_msp.o
 .debug_rnglists
                0x00000118       0x49 ./Core/Src/stm32f4xx_it.o
 .debug_rnglists
                0x00000161       0x1a ./Core/Src/system_stm32f4xx.o
 .debug_rnglists
                0x0000017b       0x19 ./Core/Startup/startup_stm32f446retx.o
 .debug_rnglists
                0x00000194       0xaf ./Drivers/STM32F4xx_HAL_Driver/Src/stm32f4xx_hal.o
 .debug_rnglists
                0x00000243       0xd4 ./Drivers/STM32F4xx_HAL_Driver/Src/stm32f4xx_hal_cortex.o
 .debug_rnglists
                0x00000317       0x3f ./Drivers/STM32F4xx_HAL_Driver/Src/stm32f4xx_hal_gpio.o
 .debug_rnglists
                0x00000356       0x47 ./Drivers/STM32F4xx_HAL_Driver/Src/stm32f4xx_hal_pwr_ex.o
 .debug_rnglists
                0x0000039d       0x66 ./Drivers/STM32F4xx_HAL_Driver/Src/stm32f4xx_hal_rcc.o
 .debug_rnglists
                0x00000403       0x5e ./Drivers/STM32F4xx_HAL_Driver/Src/stm32f4xx_hal_rcc_ex.o
 .debug_rnglists
                0x00000461      0x31a ./Drivers/STM32F4xx_HAL_Driver/Src/stm32f4xx_hal_tim.o
 .debug_rnglists
                0x0000077b      0x125 ./Drivers/STM32F4xx_HAL_Driver/Src/stm32f4xx_hal_tim_ex.o

.debug_macro    0x00000000    0x21980
 .debug_macro   0x00000000      0x1eb ./ASW/Src/DrivingAPIs.o
 .debug_macro   0x000001eb      0xab4 ./ASW/Src/DrivingAPIs.o
 .debug_macro   0x00000c9f      0x295 ./ASW/Src/DrivingAPIs.o
 .debug_macro   0x00000f34       0x2e ./ASW/Src/DrivingAPIs.o
 .debug_macro   0x00000f62       0x28 ./ASW/Src/DrivingAPIs.o
 .debug_macro   0x00000f8a       0x22 ./ASW/Src/DrivingAPIs.o
 .debug_macro   0x00000fac       0x8e ./ASW/Src/DrivingAPIs.o
 .debug_macro   0x0000103a       0x51 ./ASW/Src/DrivingAPIs.o
 .debug_macro   0x0000108b      0x103 ./ASW/Src/DrivingAPIs.o
 .debug_macro   0x0000118e       0x6a ./ASW/Src/DrivingAPIs.o
 .debug_macro   0x000011f8      0x1df ./ASW/Src/DrivingAPIs.o
 .debug_macro   0x000013d7       0x1c ./ASW/Src/DrivingAPIs.o
 .debug_macro   0x000013f3       0x22 ./ASW/Src/DrivingAPIs.o
 .debug_macro   0x00001415       0xfb ./ASW/Src/DrivingAPIs.o
 .debug_macro   0x00001510     0x1011 ./ASW/Src/DrivingAPIs.o
 .debug_macro   0x00002521      0x11f ./ASW/Src/DrivingAPIs.o
 .debug_macro   0x00002640    0x16749 ./ASW/Src/DrivingAPIs.o
 .debug_macro   0x00018d89       0x6d ./ASW/Src/DrivingAPIs.o
 .debug_macro   0x00018df6     0x368c ./ASW/Src/DrivingAPIs.o
 .debug_macro   0x0001c482      0x189 ./ASW/Src/DrivingAPIs.o
 .debug_macro   0x0001c60b       0x5c ./ASW/Src/DrivingAPIs.o
 .debug_macro   0x0001c667      0xca5 ./ASW/Src/DrivingAPIs.o
 .debug_macro   0x0001d30c      0x9e9 ./ASW/Src/DrivingAPIs.o
 .debug_macro   0x0001dcf5      0x115 ./ASW/Src/DrivingAPIs.o
 .debug_macro   0x0001de0a      0x1a0 ./ASW/Src/DrivingAPIs.o
 .debug_macro   0x0001dfaa       0xa5 ./ASW/Src/DrivingAPIs.o
 .debug_macro   0x0001e04f      0x16d ./ASW/Src/DrivingAPIs.o
 .debug_macro   0x0001e1bc      0x287 ./ASW/Src/DrivingAPIs.o
 .debug_macro   0x0001e443       0x5f ./ASW/Src/DrivingAPIs.o
 .debug_macro   0x0001e4a2      0x236 ./ASW/Src/DrivingAPIs.o
 .debug_macro   0x0001e6d8      0x132 ./ASW/Src/DrivingAPIs.o
 .debug_macro   0x0001e80a      0x29c ./ASW/Src/DrivingAPIs.o
 .debug_macro   0x0001eaa6       0x2e ./ASW/Src/DrivingAPIs.o
 .debug_macro   0x0001ead4      0x127 ./ASW/Src/DrivingAPIs.o
 .debug_macro   0x0001ebfb       0xe8 ./ASW/Src/DrivingAPIs.o
 .debug_macro   0x0001ece3       0x89 ./ASW/Src/DrivingAPIs.o
 .debug_macro   0x0001ed6c      0x8ed ./ASW/Src/DrivingAPIs.o
 .debug_macro   0x0001f659       0x53 ./ASW/Src/DrivingAPIs.o
 .debug_macro   0x0001f6ac      0x126 ./ASW/Src/DrivingAPIs.o
 .debug_macro   0x0001f7d2       0x40 ./ASW/Src/DrivingAPIs.o
 .debug_macro   0x0001f812       0x28 ./ASW/Src/DrivingAPIs.o
 .debug_macro   0x0001f83a       0x76 ./ASW/Src/DrivingAPIs.o
 .debug_macro   0x0001f8b0      0x20e ./ASW/Src/MotionController.o
 .debug_macro   0x0001fabe       0x1c ./ASW/Src/MotionController.o
 .debug_macro   0x0001fada      0x1e1 ./ASW/Src/SensorMapping.o
 .debug_macro   0x0001fcbb       0x46 ./ASW/Src/SensorMapping.o
 .debug_macro   0x0001fd01      0x1dc ./BSW/Src/HBridge.o
 .debug_macro   0x0001fedd      0x1da ./BSW/Src/HCSR04.o
 .debug_macro   0x000200b7      0x1d3 ./BSW/Src/ServoSG90.o
 .debug_macro   0x0002028a       0x22 ./BSW/Src/ServoSG90.o
 .debug_macro   0x000202ac      0x217 ./Core/Src/main.o
 .debug_macro   0x000204c3       0x40 ./Core/Src/main.o
 .debug_macro   0x00020503       0x46 ./Core/Src/main.o
 .debug_macro   0x00020549      0x1d3 ./Core/Src/stm32f4xx_hal_msp.o
 .debug_macro   0x0002071c      0x1dd ./Core/Src/stm32f4xx_it.o
 .debug_macro   0x000208f9      0x1c4 ./Core/Src/system_stm32f4xx.o
 .debug_macro   0x00020abd      0x224 ./Drivers/STM32F4xx_HAL_Driver/Src/stm32f4xx_hal.o
 .debug_macro   0x00020ce1      0x1c4 ./Drivers/STM32F4xx_HAL_Driver/Src/stm32f4xx_hal_cortex.o
 .debug_macro   0x00020ea5      0x1ca ./Drivers/STM32F4xx_HAL_Driver/Src/stm32f4xx_hal_gpio.o
 .debug_macro   0x0002106f      0x1dc ./Drivers/STM32F4xx_HAL_Driver/Src/stm32f4xx_hal_pwr_ex.o
 .debug_macro   0x0002124b      0x1e8 ./Drivers/STM32F4xx_HAL_Driver/Src/stm32f4xx_hal_rcc.o
 .debug_macro   0x00021433      0x1c4 ./Drivers/STM32F4xx_HAL_Driver/Src/stm32f4xx_hal_rcc_ex.o
 .debug_macro   0x000215f7      0x1c5 ./Drivers/STM32F4xx_HAL_Driver/Src/stm32f4xx_hal_tim.o
 .debug_macro   0x000217bc      0x1c4 ./Drivers/STM32F4xx_HAL_Driver/Src/stm32f4xx_hal_tim_ex.o

.debug_line     0x00000000     0xf4a6
 .debug_line    0x00000000      0x894 ./ASW/Src/DrivingAPIs.o
 .debug_line    0x00000894      0x86f ./ASW/Src/MotionController.o
 .debug_line    0x00001103      0x7fe ./ASW/Src/SensorMapping.o
 .debug_line    0x00001901      0x8c2 ./BSW/Src/HBridge.o
 .debug_line    0x000021c3      0x808 ./BSW/Src/HCSR04.o
 .debug_line    0x000029cb      0x77b ./BSW/Src/ServoSG90.o
 .debug_line    0x00003146      0xb03 ./Core/Src/main.o
 .debug_line    0x00003c49      0x857 ./Core/Src/stm32f4xx_hal_msp.o
 .debug_line    0x000044a0      0x811 ./Core/Src/stm32f4xx_it.o
 .debug_line    0x00004cb1      0x7bb ./Core/Src/system_stm32f4xx.o
 .debug_line    0x0000546c       0x7a ./Core/Startup/startup_stm32f446retx.o
 .debug_line    0x000054e6      0xa24 ./Drivers/STM32F4xx_HAL_Driver/Src/stm32f4xx_hal.o
 .debug_line    0x00005f0a      0xcec ./Drivers/STM32F4xx_HAL_Driver/Src/stm32f4xx_hal_cortex.o
 .debug_line    0x00006bf6      0xb9c ./Drivers/STM32F4xx_HAL_Driver/Src/stm32f4xx_hal_gpio.o
 .debug_line    0x00007792      0x94d ./Drivers/STM32F4xx_HAL_Driver/Src/stm32f4xx_hal_pwr_ex.o
 .debug_line    0x000080df      0xda3 ./Drivers/STM32F4xx_HAL_Driver/Src/stm32f4xx_hal_rcc.o
 .debug_line    0x00008e82     0x1442 ./Drivers/STM32F4xx_HAL_Driver/Src/stm32f4xx_hal_rcc_ex.o
 .debug_line    0x0000a2c4     0x37c8 ./Drivers/STM32F4xx_HAL_Driver/Src/stm32f4xx_hal_tim.o
 .debug_line    0x0000da8c     0x1a1a ./Drivers/STM32F4xx_HAL_Driver/Src/stm32f4xx_hal_tim_ex.o

.debug_str      0x00000000    0xcafa3
 .debug_str     0x00000000    0xc7876 ./ASW/Src/DrivingAPIs.o
                              0xc7afb (size before relaxing)
 .debug_str     0x000c7876      0x125 ./ASW/Src/MotionController.o
                              0xc7b29 (size before relaxing)
 .debug_str     0x000c799b       0x68 ./ASW/Src/SensorMapping.o
                              0xc7935 (size before relaxing)
 .debug_str     0x000c7a03      0x52a ./BSW/Src/HBridge.o
                              0xc7ef7 (size before relaxing)
 .debug_str     0x000c7f2d       0xb0 ./BSW/Src/HCSR04.o
                              0xc7d98 (size before relaxing)
 .debug_str     0x000c7fdd       0x1d ./BSW/Src/ServoSG90.o
                              0xc7ce6 (size before relaxing)
 .debug_str     0x000c7ffa      0x627 ./Core/Src/main.o
                              0xc868c (size before relaxing)
 .debug_str     0x000c8621      0x5d7 ./Core/Src/stm32f4xx_hal_msp.o
                              0xc8534 (size before relaxing)
 .debug_str     0x000c8bf8       0xec ./Core/Src/stm32f4xx_it.o
                              0xc7e45 (size before relaxing)
 .debug_str     0x000c8ce4       0xdb ./Core/Src/system_stm32f4xx.o
                              0xc791d (size before relaxing)
 .debug_str     0x000c8dbf       0x44 ./Core/Startup/startup_stm32f446retx.o
                                 0x89 (size before relaxing)
 .debug_str     0x000c8e03      0x5f0 ./Drivers/STM32F4xx_HAL_Driver/Src/stm32f4xx_hal.o
                              0xc84e2 (size before relaxing)
 .debug_str     0x000c93f3      0x33f ./Drivers/STM32F4xx_HAL_Driver/Src/stm32f4xx_hal_cortex.o
                              0xc8207 (size before relaxing)
 .debug_str     0x000c9732      0x121 ./Drivers/STM32F4xx_HAL_Driver/Src/stm32f4xx_hal_gpio.o
                              0xc7a98 (size before relaxing)
 .debug_str     0x000c9853      0x135 ./Drivers/STM32F4xx_HAL_Driver/Src/stm32f4xx_hal_pwr_ex.o
                              0xc7af5 (size before relaxing)
 .debug_str     0x000c9988      0x233 ./Drivers/STM32F4xx_HAL_Driver/Src/stm32f4xx_hal_rcc.o
                              0xc7d56 (size before relaxing)
 .debug_str     0x000c9bbb      0x31c ./Drivers/STM32F4xx_HAL_Driver/Src/stm32f4xx_hal_rcc_ex.o
                              0xc7d89 (size before relaxing)
 .debug_str     0x000c9ed7      0xceb ./Drivers/STM32F4xx_HAL_Driver/Src/stm32f4xx_hal_tim.o
                              0xc8c82 (size before relaxing)
 .debug_str     0x000cabc2      0x3e1 ./Drivers/STM32F4xx_HAL_Driver/Src/stm32f4xx_hal_tim_ex.o
                              0xc848e (size before relaxing)

.comment        0x00000000       0x43
 .comment       0x00000000       0x43 ./ASW/Src/DrivingAPIs.o
                                 0x44 (size before relaxing)
 .comment       0x00000043       0x44 ./ASW/Src/MotionController.o
 .comment       0x00000043       0x44 ./ASW/Src/SensorMapping.o
 .comment       0x00000043       0x44 ./BSW/Src/HBridge.o
 .comment       0x00000043       0x44 ./BSW/Src/HCSR04.o
 .comment       0x00000043       0x44 ./BSW/Src/ServoSG90.o
 .comment       0x00000043       0x44 ./Core/Src/main.o
 .comment       0x00000043       0x44 ./Core/Src/stm32f4xx_hal_msp.o
 .comment       0x00000043       0x44 ./Core/Src/stm32f4xx_it.o
 .comment       0x00000043       0x44 ./Core/Src/system_stm32f4xx.o
 .comment       0x00000043       0x44 ./Drivers/STM32F4xx_HAL_Driver/Src/stm32f4xx_hal.o
 .comment       0x00000043       0x44 ./Drivers/STM32F4xx_HAL_Driver/Src/stm32f4xx_hal_cortex.o
 .comment       0x00000043       0x44 ./Drivers/STM32F4xx_HAL_Driver/Src/stm32f4xx_hal_gpio.o
 .comment       0x00000043       0x44 ./Drivers/STM32F4xx_HAL_Driver/Src/stm32f4xx_hal_pwr_ex.o
 .comment       0x00000043       0x44 ./Drivers/STM32F4xx_HAL_Driver/Src/stm32f4xx_hal_rcc.o
 .comment       0x00000043       0x44 ./Drivers/STM32F4xx_HAL_Driver/Src/stm32f4xx_hal_rcc_ex.o
 .comment       0x00000043       0x44 ./Drivers/STM32F4xx_HAL_Driver/Src/stm32f4xx_hal_tim.o
 .comment       0x00000043       0x44 ./Drivers/STM32F4xx_HAL_Driver/Src/stm32f4xx_hal_tim_ex.o

.debug_frame    0x00000000     0x2e14
 .debug_frame   0x00000000       0xa4 ./ASW/Src/DrivingAPIs.o
 .debug_frame   0x000000a4       0x54 ./ASW/Src/MotionController.o
 .debug_frame   0x000000f8       0x34 ./ASW/Src/SensorMapping.o
 .debug_frame   0x0000012c       0xa0 ./BSW/Src/HBridge.o
 .debug_frame   0x000001cc       0x78 ./BSW/Src/HCSR04.o
 .debug_frame   0x00000244       0x38 ./BSW/Src/ServoSG90.o
 .debug_frame   0x0000027c      0x11c ./Core/Src/main.o
 .debug_frame   0x00000398       0xa0 ./Core/Src/stm32f4xx_hal_msp.o
 .debug_frame   0x00000438      0x120 ./Core/Src/stm32f4xx_it.o
 .debug_frame   0x00000558       0x58 ./Core/Src/system_stm32f4xx.o
 .debug_frame   0x000005b0      0x374 ./Drivers/STM32F4xx_HAL_Driver/Src/stm32f4xx_hal.o
 .debug_frame   0x00000924      0x4b8 ./Drivers/STM32F4xx_HAL_Driver/Src/stm32f4xx_hal_cortex.o
 .debug_frame   0x00000ddc      0x14c ./Drivers/STM32F4xx_HAL_Driver/Src/stm32f4xx_hal_gpio.o
 .debug_frame   0x00000f28      0x14c ./Drivers/STM32F4xx_HAL_Driver/Src/stm32f4xx_hal_pwr_ex.o
 .debug_frame   0x00001074      0x1f4 ./Drivers/STM32F4xx_HAL_Driver/Src/stm32f4xx_hal_rcc.o
 .debug_frame   0x00001268      0x1e8 ./Drivers/STM32F4xx_HAL_Driver/Src/stm32f4xx_hal_rcc_ex.o
 .debug_frame   0x00001450     0x11c0 ./Drivers/STM32F4xx_HAL_Driver/Src/stm32f4xx_hal_tim.o
 .debug_frame   0x00002610      0x638 ./Drivers/STM32F4xx_HAL_Driver/Src/stm32f4xx_hal_tim_ex.o
 .debug_frame   0x00002c48       0x20 C:/ST/STM32CubeIDE_1.11.2/STM32CubeIDE/plugins/com.st.stm32cube.ide.mcu.externaltools.gnu-tools-for-stm32.12.3.rel1.win32_1.0.100.202403111256/tools/bin/../lib/gcc/arm-none-eabi/12.3.1/../../../../arm-none-eabi/lib/thumb/v7e-m+fp/hard\libc_nano.a(libc_a-memset.o)
 .debug_frame   0x00002c68       0x2c C:/ST/STM32CubeIDE_1.11.2/STM32CubeIDE/plugins/com.st.stm32cube.ide.mcu.externaltools.gnu-tools-for-stm32.12.3.rel1.win32_1.0.100.202403111256/tools/bin/../lib/gcc/arm-none-eabi/12.3.1/../../../../arm-none-eabi/lib/thumb/v7e-m+fp/hard\libc_nano.a(libc_a-init.o)
 .debug_frame   0x00002c94       0xac C:/ST/STM32CubeIDE_1.11.2/STM32CubeIDE/plugins/com.st.stm32cube.ide.mcu.externaltools.gnu-tools-for-stm32.12.3.rel1.win32_1.0.100.202403111256/tools/bin/../lib/gcc/arm-none-eabi/12.3.1/thumb/v7e-m+fp/hard\libgcc.a(_arm_addsubdf3.o)
 .debug_frame   0x00002d40       0x50 C:/ST/STM32CubeIDE_1.11.2/STM32CubeIDE/plugins/com.st.stm32cube.ide.mcu.externaltools.gnu-tools-for-stm32.12.3.rel1.win32_1.0.100.202403111256/tools/bin/../lib/gcc/arm-none-eabi/12.3.1/thumb/v7e-m+fp/hard\libgcc.a(_arm_muldivdf3.o)
 .debug_frame   0x00002d90       0x24 C:/ST/STM32CubeIDE_1.11.2/STM32CubeIDE/plugins/com.st.stm32cube.ide.mcu.externaltools.gnu-tools-for-stm32.12.3.rel1.win32_1.0.100.202403111256/tools/bin/../lib/gcc/arm-none-eabi/12.3.1/thumb/v7e-m+fp/hard\libgcc.a(_arm_fixunsdfsi.o)
 .debug_frame   0x00002db4       0x2c C:/ST/STM32CubeIDE_1.11.2/STM32CubeIDE/plugins/com.st.stm32cube.ide.mcu.externaltools.gnu-tools-for-stm32.12.3.rel1.win32_1.0.100.202403111256/tools/bin/../lib/gcc/arm-none-eabi/12.3.1/thumb/v7e-m+fp/hard\libgcc.a(_aeabi_uldivmod.o)
 .debug_frame   0x00002de0       0x34 C:/ST/STM32CubeIDE_1.11.2/STM32CubeIDE/plugins/com.st.stm32cube.ide.mcu.externaltools.gnu-tools-for-stm32.12.3.rel1.win32_1.0.100.202403111256/tools/bin/../lib/gcc/arm-none-eabi/12.3.1/thumb/v7e-m+fp/hard\libgcc.a(_udivmoddi4.o)

.debug_line_str
                0x00000000       0x6d
 .debug_line_str
                0x00000000       0x6d ./Core/Startup/startup_stm32f446retx.o
