../Core/Src/main.c:83:6:delay_us	16	static
../Core/Src/main.c:96:6:HCSR04_Read	8	static
../Core/Src/main.c:105:6:HAL_TIM_IC_CaptureCallback	232	static
../Core/Src/main.c:158:6:Set_PWM_Pulse	24	static
../Core/Src/main.c:190:5:main	32	static
../Core/Src/main.c:270:6:SystemClock_Config	96	static
../Core/Src/main.c:320:13:MX_TIM1_Init	40	static
../Core/Src/main.c:370:13:MX_TIM2_Init	64	static
../Core/Src/main.c:429:13:MX_TIM3_Init	40	static
../Core/Src/main.c:474:13:MX_USART2_UART_Init	8	static
../Core/Src/main.c:509:13:MX_GPIO_Init	32	static
../Core/Src/main.c:540:6:Error_Handler	4	static,ignoring_inline_asm
